
[1m[46m RUN [49m[22m [36mv4.0.15 [39m[90mE:/宸ヤ綔鍙?odoo/legal-workspace-vue[39m

[90mstdout[2m | src/services/__tests__/api-client.spec.js[2m > [22m[2mApiClient[2m > [22m[2mshould handle request cancellation
[22m[39mRequest req1 was cancelled

 [32m鉁?[39m src/services/__tests__/api-client.spec.js[2m > [22mApiClient[2m > [22mshould initialize with base URL[32m 1[2mms[22m[39m
 [32m鉁?[39m src/services/__tests__/api-client.spec.js[2m > [22mApiClient[2m > [22mshould inject auth token[32m 2[2mms[22m[39m
 [32m鉁?[39m src/services/__tests__/api-client.spec.js[2m > [22mApiClient[2m > [22mshould support request interceptors[32m 0[2mms[22m[39m
 [32m鉁?[39m src/services/__tests__/api-client.spec.js[2m > [22mApiClient[2m > [22mshould support response interceptors[32m 0[2mms[22m[39m
 [32m鉁?[39m src/services/__tests__/api-client.spec.js[2m > [22mApiClient[2m > [22mshould handle request cancellation[32m 6[2mms[22m[39m
 [31m脳[39m src/features/case/services/__tests__/caseService.spec.js[2m > [22mcaseService[2m > [22mgetList[2m > [22mshould query Supabase when BFF is disabled (default mock assumes false)[32m 4[2mms[22m[39m
[31m   鈫?Cannot read properties of undefined (reading 'getSession')[39m
 [31m脳[39m src/features/case/services/__tests__/caseService.spec.js[2m > [22mcaseService[2m > [22mgetList[2m > [22mshould apply filters correctly[32m 0[2mms[22m[39m
[31m   鈫?Cannot read properties of undefined (reading 'getSession')[39m
 [31m脳[39m src/features/case/services/__tests__/caseService.spec.js[2m > [22mcaseService[2m > [22mgetById[2m > [22mshould fetch single case by ID[32m 0[2mms[22m[39m
[31m   鈫?Cannot read properties of undefined (reading 'getSession')[39m
 [31m脳[39m src/features/case/services/__tests__/caseService.spec.js[2m > [22mcaseService[2m > [22mcreate[2m > [22mshould generate case number if missing and insert[32m 1[2mms[22m[39m
[31m   鈫?supabase.from(...).select(...).like(...).order(...).limit is not a function[39m
 [31m脳[39m src/features/case/services/__tests__/caseService.spec.js[2m > [22mcaseService[2m > [22mupdate[2m > [22mshould update case[32m 0[2mms[22m[39m
[31m   鈫?Cannot read properties of undefined (reading 'getSession')[39m
 [32m鉁?[39m src/features/case/composables/__tests__/useCaseBasicInfo.spec.js[2m > [22museCaseBasicInfo[2m > [22mInitialization[2m > [22mshould initialize with empty default values[32m 1[2mms[22m[39m
 [32m鉁?[39m src/features/case/composables/__tests__/useCaseBasicInfo.spec.js[2m > [22museCaseBasicInfo[2m > [22mInitialization[2m > [22mshould initialize from existing case data[32m 0[2mms[22m[39m
 [32m鉁?[39m src/features/case/composables/__tests__/useCaseBasicInfo.spec.js[2m > [22museCaseBasicInfo[2m > [22mSaving Data[2m > [22mshould call caseService.update when saving basic info[32m 2[2mms[22m[39m
 [32m鉁?[39m src/features/case/composables/__tests__/useCaseBasicInfo.spec.js[2m > [22museCaseBasicInfo[2m > [22mSaving Data[2m > [22mshould call caseService.update when saving facts[32m 0[2mms[22m[39m
 [32m鉁?[39m src/features/case/composables/__tests__/useCaseBasicInfo.spec.js[2m > [22museCaseBasicInfo[2m > [22mTag Management[2m > [22mshould add new tags[32m 1[2mms[22m[39m
 [32m鉁?[39m src/components/__tests__/HistoryModal.test.js[2m > [22mHistoryModal.vue[2m > [22mProps 娴嬭瘯[2m > [22mvisible=false 鏃朵笉搴旇娓叉煋妯℃€佹鍐呭[32m 7[2mms[22m[39m
 [32m鉁?[39m src/components/__tests__/HistoryModal.test.js[2m > [22mHistoryModal.vue[2m > [22mProps 娴嬭瘯[2m > [22mvisible=true 鏃跺簲璇ユ覆鏌撴ā鎬佹[32m 3[2mms[22m[39m
 [32m鉁?[39m src/components/__tests__/HistoryModal.test.js[2m > [22mHistoryModal.vue[2m > [22mProps 娴嬭瘯[2m > [22m搴旇鎺ュ彈 title prop[32m 1[2mms[22m[39m
 [32m鉁?[39m src/components/__tests__/HistoryModal.test.js[2m > [22mHistoryModal.vue[2m > [22mProps 娴嬭瘯[2m > [22m搴旇鎺ュ彈 records prop[32m 2[2mms[22m[39m
 [32m鉁?[39m src/components/__tests__/HistoryModal.test.js[2m > [22mHistoryModal.vue[2m > [22mProps 娴嬭瘯[2m > [22m搴旇鎺ュ彈 tabs prop[32m 1[2mms[22m[39m
 [32m鉁?[39m src/components/__tests__/HistoryModal.test.js[2m > [22mHistoryModal.vue[2m > [22m娓叉煋娴嬭瘯[2m > [22m搴旇娓叉煋妯℃€佹鏍囬[32m 1[2mms[22m[39m
 [32m鉁?[39m src/components/__tests__/HistoryModal.test.js[2m > [22mHistoryModal.vue[2m > [22m娓叉煋娴嬭瘯[2m > [22m搴旇娓叉煋鍏抽棴鎸夐挳[32m 1[2mms[22m[39m
 [32m鉁?[39m src/components/__tests__/HistoryModal.test.js[2m > [22mHistoryModal.vue[2m > [22m娓叉煋娴嬭瘯[2m > [22m鏃犺褰曟椂搴旇鏄剧ず绌虹姸鎬?[32m 1[2mms[22m[39m
 [32m鉁?[39m src/components/__tests__/HistoryModal.test.js[2m > [22mHistoryModal.vue[2m > [22m璁板綍鍒楄〃娴嬭瘯[2m > [22m搴旇娓叉煋鍘嗗彶璁板綍鍒楄〃[32m 1[2mms[22m[39m
 [32m鉁?[39m src/components/__tests__/HistoryModal.test.js[2m > [22mHistoryModal.vue[2m > [22m璁板綍鍒楄〃娴嬭瘯[2m > [22m璁板綍搴旇鎸夋棩鏈熷€掑簭鎺掑垪[32m 1[2mms[22m[39m
 [32m鉁?[39m src/components/__tests__/HistoryModal.test.js[2m > [22mHistoryModal.vue[2m > [22mTabs 娴嬭瘯[2m > [22m鏈?tabs 鏃跺簲璇ユ覆鏌撴爣绛鹃〉[32m 1[2mms[22m[39m
 [32m鉁?[39m src/components/__tests__/HistoryModal.test.js[2m > [22mHistoryModal.vue[2m > [22mTabs 娴嬭瘯[2m > [22m鏃?tabs 鏃朵笉搴旇娓叉煋鏍囩椤?[32m 1[2mms[22m[39m
 [32m鉁?[39m src/components/__tests__/HistoryModal.test.js[2m > [22mHistoryModal.vue[2m > [22mTabs 娴嬭瘯[2m > [22m鐐瑰嚮鏍囩搴旇鍒囨崲 activeTab[32m 2[2mms[22m[39m
 [32m鉁?[39m src/components/__tests__/HistoryModal.test.js[2m > [22mHistoryModal.vue[2m > [22m浜嬩欢娴嬭瘯[2m > [22m鐐瑰嚮鍏抽棴鎸夐挳搴旇瑙﹀彂 update:visible 浜嬩欢[32m 1[2mms[22m[39m
 [32m鉁?[39m src/components/__tests__/HistoryModal.test.js[2m > [22mHistoryModal.vue[2m > [22m浜嬩欢娴嬭瘯[2m > [22m鐐瑰嚮閬僵灞傚簲璇ュ叧闂ā鎬佹[32m 1[2mms[22m[39m
 [32m鉁?[39m src/components/__tests__/HistoryModal.test.js[2m > [22mHistoryModal.vue[2m > [22m浜嬩欢娴嬭瘯[2m > [22m鐐瑰嚮璁板綍搴旇瑙﹀彂 select 浜嬩欢[32m 1[2mms[22m[39m
 [32m鉁?[39m src/components/__tests__/HistoryModal.test.js[2m > [22mHistoryModal.vue[2m > [22m浜嬩欢娴嬭瘯[2m > [22m鐐瑰嚮鍒犻櫎鎸夐挳搴旇瑙﹀彂 delete 浜嬩欢[32m 1[2mms[22m[39m
[90mstdout[2m | src/components/layout/__tests__/Sidebar.test.js[2m > [22m[2mSidebar.vue[2m > [22m[2m娓叉煋娴嬭瘯[2m > [22m[2m搴旇姝ｇ‘娓叉煋渚ц竟鏍?[22m[39m鉁?Supabase client initialized

 [32m鉁?[39m src/components/layout/__tests__/Sidebar.test.js[2m > [22mSidebar.vue[2m > [22m娓叉煋娴嬭瘯[2m > [22m搴旇姝ｇ‘娓叉煋渚ц竟鏍?[32m 16[2mms[22m[39m
 [32m鉁?[39m src/components/layout/__tests__/Sidebar.test.js[2m > [22mSidebar.vue[2m > [22m娓叉煋娴嬭瘯[2m > [22m搴旇娓叉煋鍝佺墝Logo鍖哄煙[32m 19[2mms[22m[39m
 [32m鉁?[39m src/components/layout/__tests__/Sidebar.test.js[2m > [22mSidebar.vue[2m > [22m娓叉煋娴嬭瘯[2m > [22m搴旇娓叉煋鍝佺墝鍥炬爣[32m 2[2mms[22m[39m
 [32m鉁?[39m src/components/layout/__tests__/Sidebar.test.js[2m > [22mSidebar.vue[2m > [22m娓叉煋娴嬭瘯[2m > [22m搴旇娓叉煋鎶樺彔鎸夐挳[32m 3[2mms[22m[39m
 [32m鉁?[39m src/components/layout/__tests__/Sidebar.test.js[2m > [22mSidebar.vue[2m > [22m娓叉煋娴嬭瘯[2m > [22m搴旇娓叉煋瀵艰埅椤?[32m 2[2mms[22m[39m
 [32m鉁?[39m src/components/layout/__tests__/Sidebar.test.js[2m > [22mSidebar.vue[2m > [22m鎶樺彔鍔熻兘[2m > [22m鍒濆鐘舵€佸簲璇ユ槸灞曞紑鐨?[32m 1[2mms[22m[39m
 [32m鉁?[39m src/components/layout/__tests__/Sidebar.test.js[2m > [22mSidebar.vue[2m > [22m鎶樺彔鍔熻兘[2m > [22m鐐瑰嚮鎶樺彔鎸夐挳搴旇鍒囨崲鎶樺彔鐘舵€?[32m 3[2mms[22m[39m
 [32m鉁?[39m src/components/layout/__tests__/Sidebar.test.js[2m > [22mSidebar.vue[2m > [22m鎶樺彔鍔熻兘[2m > [22m鍐嶆鐐瑰嚮搴旇鎭㈠灞曞紑[32m 3[2mms[22m[39m
 [32m鉁?[39m src/components/layout/__tests__/Sidebar.test.js[2m > [22mSidebar.vue[2m > [22m鎶樺彔鍔熻兘[2m > [22m鎶樺彔鍚庝晶杈规爮搴旇鏈?collapsed 绫?[32m 2[2mms[22m[39m
 [32m鉁?[39m src/components/layout/__tests__/Sidebar.test.js[2m > [22mSidebar.vue[2m > [22m瀵艰埅鍔熻兘[2m > [22m搴旇鏈?navigate 鏂规硶[32m 1[2mms[22m[39m
 [32m鉁?[39m src/components/layout/__tests__/Sidebar.test.js[2m > [22mSidebar.vue[2m > [22m瀵艰埅鍔熻兘[2m > [22m搴旇鏈?isActive 鏂规硶[32m 1[2mms[22m[39m
 [32m鉁?[39m src/components/layout/__tests__/Sidebar.test.js[2m > [22mSidebar.vue[2m > [22m瀵艰埅鍔熻兘[2m > [22misActive 搴旇姝ｇ‘鍒ゆ柇鏍硅矾寰?[32m 1[2mms[22m[39m
 [32m鉁?[39m src/components/layout/__tests__/Sidebar.test.js[2m > [22mSidebar.vue[2m > [22m瀵艰埅鍔熻兘[2m > [22mnavigate 璋冪敤 router.push[32m 1[2mms[22m[39m
 [32m鉁?[39m src/components/layout/__tests__/Sidebar.test.js[2m > [22mSidebar.vue[2m > [22m鐢ㄦ埛鑿滃崟[2m > [22m鍒濆鐘舵€佺敤鎴疯彍鍗曞簲璇ラ殣钘?[32m 1[2mms[22m[39m
 [32m鉁?[39m src/components/layout/__tests__/Sidebar.test.js[2m > [22mSidebar.vue[2m > [22m鐢ㄦ埛鑿滃崟[2m > [22m搴旇鏈?toggleUserMenu 鏂规硶[32m 1[2mms[22m[39m
 [32m鉁?[39m src/components/layout/__tests__/Sidebar.test.js[2m > [22mSidebar.vue[2m > [22m鐢ㄦ埛鑿滃崟[2m > [22m鍒囨崲鐢ㄦ埛鑿滃崟鐘舵€?[32m 1[2mms[22m[39m
 [32m鉁?[39m src/components/layout/__tests__/Sidebar.test.js[2m > [22mSidebar.vue[2m > [22m杈呭姪鍔熻兘[2m > [22m鎶樺彔鎸夐挳搴旇鏈?aria-label[32m 4[2mms[22m[39m
 [32m鉁?[39m src/components/layout/__tests__/Sidebar.test.js[2m > [22mSidebar.vue[2m > [22m杈呭姪鍔熻兘[2m > [22m瀵艰埅閾炬帴搴旇鏈?aria-label[32m 1[2mms[22m[39m
 [32m鉁?[39m src/components/layout/__tests__/Sidebar.test.js[2m > [22mSidebar.vue[2m > [22m甯姪涓績閾炬帴[2m > [22m搴旇鏈?helpCenterUrl 璁＄畻灞炴€?[32m 1[2mms[22m[39m
 [32m鉁?[39m src/components/layout/__tests__/Sidebar.test.js[2m > [22mSidebar.vue[2m > [22m甯姪涓績閾炬帴[2m > [22m寮€鍙戠幆澧冨簲璇ヨ繑鍥?localhost 鍦板潃[32m 1[2mms[22m[39m
node.exe : 
所在位置 行:1 字符: 1
+ & "D:\node.js/node.exe" "D:\node.js/node_modules/npm/bi
n/npx-cli.js"  ...
+ ~~~~~~~~~~~~~~~~~~~~~~~~~~~~~~~~~~~~~~~~~~~~~~~~~~~~~~~
~~~~~~~~~~~~~~
    + CategoryInfo          : NotSpecified: (:String) [] 
   , RemoteException
    + FullyQualifiedErrorId : NativeCommandError
 
[31m鈳幆鈳幆鈳幆鈳?[39m[1m[41m Failed Tests 5 [49m[22m[
31m鈳幆鈳幆鈳幆鈳?[39m

[41m[1m FAIL [22m[49m src/features/case/services/__te
sts__/caseService.spec.js[2m > [22mcaseService[2m > [
22mgetList[2m > [22mshould query Supabase when BFF is d
isabled (default mock assumes false)
[31m[1mTypeError[22m: Cannot read properties of undefi
ned (reading 'getSession')[39m
[36m [2m鉂?[22m ApiClient.getToken src/services/api-clie
nt.js:[2m59:55[22m[39m
    [90m 57| [39m    [35mconst[39m supabase [33m=[3
9m [34mgetSupabaseClient[39m()
    [90m 58| [39m    [35mif[39m ([33m![39msupabase)
 [35mreturn[39m [35mnull[39m
    [90m 59| [39m    [35mconst[39m { data[33m:[39m 
{ session } } [33m=[39m [35mawait[39m supabase[33m.
[39mauth[33m.[39m[34mgetSession[39m()
    [90m   | [39m                                      
                [31m^[39m
    [90m 60| [39m    [35mreturn[39m session[33m?.[3
9maccess_token
    [90m 61| [39m  }
[90m [2m鉂?[22m ApiClient.request src/services/api-clien
t.js:[2m84:30[22m[39m
[90m [2m鉂?[22m ApiClient.get src/services/api-client.js
:[2m162:17[22m[39m
[90m [2m鉂?[22m Object.getList src/features/case/service
s/caseService.js:[2m22:24[22m[39m
[90m [2m鉂?[22m src/features/case/services/__tests__/cas
eService.spec.js:[2m55:40[22m[39m

[31m[2m鈳幆鈳幆鈳幆鈳幆鈳幆鈳幆鈳幆鈳幆鈳幆鈳幆鈳幆鈳幆[1/5]鈳?[22m
[39m

[41m[1m FAIL [22m[49m src/features/case/services/__te
sts__/caseService.spec.js[2m > [22mcaseService[2m > [
22mgetList[2m > [22mshould apply filters correctly
[31m[1mTypeError[22m: Cannot read properties of undefi
ned (reading 'getSession')[39m
[36m [2m鉂?[22m ApiClient.getToken src/services/api-clie
nt.js:[2m59:55[22m[39m
    [90m 57| [39m    [35mconst[39m supabase [33m=[3
9m [34mgetSupabaseClient[39m()
    [90m 58| [39m    [35mif[39m ([33m![39msupabase)
 [35mreturn[39m [35mnull[39m
    [90m 59| [39m    [35mconst[39m { data[33m:[39m 
{ session } } [33m=[39m [35mawait[39m supabase[33m.
[39mauth[33m.[39m[34mgetSession[39m()
    [90m   | [39m                                      
                [31m^[39m
    [90m 60| [39m    [35mreturn[39m session[33m?.[3
9maccess_token
    [90m 61| [39m  }
[90m [2m鉂?[22m ApiClient.request src/services/api-clien
t.js:[2m84:30[22m[39m
[90m [2m鉂?[22m ApiClient.get src/services/api-client.js
:[2m162:17[22m[39m
[90m [2m鉂?[22m Object.getList src/features/case/service
s/caseService.js:[2m22:24[22m[39m
[90m [2m鉂?[22m src/features/case/services/__tests__/cas
eService.spec.js:[2m64:25[22m[39m

[31m[2m鈳幆鈳幆鈳幆鈳幆鈳幆鈳幆鈳幆鈳幆鈳幆鈳幆鈳幆鈳幆[2/5]鈳?[22m
[39m

[41m[1m FAIL [22m[49m src/features/case/services/__te
sts__/caseService.spec.js[2m > [22mcaseService[2m > [
22mgetById[2m > [22mshould fetch single case by ID
[31m[1mTypeError[22m: Cannot read properties of undefi
ned (reading 'getSession')[39m
[36m [2m鉂?[22m ApiClient.getToken src/services/api-clie
nt.js:[2m59:55[22m[39m
    [90m 57| [39m    [35mconst[39m supabase [33m=[3
9m [34mgetSupabaseClient[39m()
    [90m 58| [39m    [35mif[39m ([33m![39msupabase)
 [35mreturn[39m [35mnull[39m
    [90m 59| [39m    [35mconst[39m { data[33m:[39m 
{ session } } [33m=[39m [35mawait[39m supabase[33m.
[39mauth[33m.[39m[34mgetSession[39m()
    [90m   | [39m                                      
                [31m^[39m
    [90m 60| [39m    [35mreturn[39m session[33m?.[3
9maccess_token
    [90m 61| [39m  }
[90m [2m鉂?[22m ApiClient.request src/services/api-clien
t.js:[2m84:30[22m[39m
[90m [2m鉂?[22m ApiClient.get src/services/api-client.js
:[2m162:17[22m[39m
[90m [2m鉂?[22m Object.getById src/features/case/service
s/caseService.js:[2m51:24[22m[39m
[90m [2m鉂?[22m src/features/case/services/__tests__/cas
eService.spec.js:[2m76:40[22m[39m

[31m[2m鈳幆鈳幆鈳幆鈳幆鈳幆鈳幆鈳幆鈳幆鈳幆鈳幆鈳幆鈳幆[3/5]鈳?[22m
[39m

[41m[1m FAIL [22m[49m src/features/case/services/__te
sts__/caseService.spec.js[2m > [22mcaseService[2m > [
22mcreate[2m > [22mshould generate case number if missi
ng and insert
[31m[1mTypeError[22m: supabase.from(...).select(...).l
ike(...).order(...).limit is not a function[39m
[36m [2m鉂?[22m Object.generateCaseNumber src/features/c
ase/services/caseService.js:[2m79:8[22m[39m
    [90m 77| [39m      [33m.[39m[34mlike[39m([32m'
case_number'[39m[33m,[39m [32m`[39m[36m${[39mprefi
x[36m}[39m[32m%`[39m)
    [90m 78| [39m      [33m.[39m[34morder[39m([32m
'case_number'[39m[33m,[39m { ascending[33m:[39m [35
mfalse[39m })
    [90m 79| [39m      [33m.[39m[34mlimit[39m([34m
1[39m)
    [90m   | [39m       [31m^[39m
    [90m 80| [39m
    [90m 81| [39m    [35mlet[39m nextSeq [33m=[39m 
[34m1[39m
[90m [2m鉂?[22m Object.create src/features/case/services
/caseService.js:[2m99:41[22m[39m
[90m [2m鉂?[22m src/features/case/services/__tests__/cas
eService.spec.js:[2m95:40[22m[39m

[31m[2m鈳幆鈳幆鈳幆鈳幆鈳幆鈳幆鈳幆鈳幆鈳幆鈳幆鈳幆鈳幆[4/5]鈳?[22m
[39m

[41m[1m FAIL [22m[49m src/features/case/services/__te
sts__/caseService.spec.js[2m > [22mcaseService[2m > [
22mupdate[2m > [22mshould update case
[31m[1mTypeError[22m: Cannot read properties of undefi
ned (reading 'getSession')[39m
[36m [2m鉂?[22m ApiClient.getToken src/services/api-clie
nt.js:[2m59:55[22m[39m
    [90m 57| [39m    [35mconst[39m supabase [33m=[3
9m [34mgetSupabaseClient[39m()
    [90m 58| [39m    [35mif[39m ([33m![39msupabase)
 [35mreturn[39m [35mnull[39m
    [90m 59| [39m    [35mconst[39m { data[33m:[39m 
{ session } } [33m=[39m [35mawait[39m supabase[33m.
[39mauth[33m.[39m[34mgetSession[39m()
    [90m   | [39m                                      
                [31m^[39m
    [90m 60| [39m    [35mreturn[39m session[33m?.[3
9maccess_token
    [90m 61| [39m  }
[90m [2m鉂?[22m ApiClient.request src/services/api-clien
t.js:[2m84:30[22m[39m
[90m [2m鉂?[22m ApiClient.put src/services/api-client.js
:[2m186:17[22m[39m
[90m [2m鉂?[22m Object.update src/features/case/services
/caseService.js:[2m119:24[22m[39m
[90m [2m鉂?[22m src/features/case/services/__tests__/cas
eService.spec.js:[2m112:25[22m[39m

[31m[2m鈳幆鈳幆鈳幆鈳幆鈳幆鈳幆鈳幆鈳幆鈳幆鈳幆鈳幆鈳幆[5/5]鈳?[22m
[39m


[2m Test Files [22m [1m[31m1 failed[39m[22m[2m | [22m[1m[32m4 passed[39m[22m[90m (5)[39m
[2m      Tests [22m [1m[31m5 failed[39m[22m[2m | [22m[1m[32m47 passed[39m[22m[90m (52)[39m
[2m   Start at [22m 16:53:22
[2m   Duration [22m 627ms[2m (transform 344ms, setup 0ms, import 933ms, tests 126ms, environment 973ms)[22m

DOMException [AbortError]: The operation was aborted.
    at Fetch.onAsyncTaskManagerAbort (file:///E:/%E5%B7%A
5%E4%BD%9C%E5%8F%B0/odoo/legal-workspace-vue/node_modules
/happy-dom/lib/fetch/Fetch.js:546:23)
    at Object.<anonymous> (file:///E:/%E5%B7%A5%E4%BD%9C%
E5%8F%B0/odoo/legal-workspace-vue/node_modules/happy-dom/
lib/fetch/Fetch.js:416:101)
    at AsyncTaskManager.abortAll (file:///E:/%E5%B7%A5%E4
%BD%9C%E5%8F%B0/odoo/legal-workspace-vue/node_modules/hap
py-dom/lib/async-task-manager/AsyncTaskManager.js:292:30)
    at AsyncTaskManager.abort (file:///E:/%E5%B7%A5%E4%BD
%9C%E5%8F%B0/odoo/legal-workspace-vue/node_modules/happy-
dom/lib/async-task-manager/AsyncTaskManager.js:52:21)
    at DetachedBrowserFrame.abort (file:///E:/%E5%B7%A5%E
4%BD%9C%E5%8F%B0/odoo/legal-workspace-vue/node_modules/ha
ppy-dom/lib/browser/detached-browser/DetachedBrowserFrame
.js:112:58)
    at DetachedWindowAPI.abort (file:///E:/%E5%B7%A5%E4%B
D%9C%E5%8F%B0/odoo/legal-workspace-vue/node_modules/happy
-dom/lib/window/DetachedWindowAPI.js:51:35)
    at teardownWindow (file:///E:/%E5%B7%A5%E4%BD%9C%E5%8
F%B0/odoo/legal-workspace-vue/node_modules/vitest/dist/ch
unks/index.BspFP3mn.js:331:22)
    at Object.teardown (file:///E:/%E5%B7%A5%E4%BD%9C%E5%
8F%B0/odoo/legal-workspace-vue/node_modules/vitest/dist/c
hunks/index.BspFP3mn.js:392:10)
    at file:///E:/%E5%B7%A5%E4%BD%9C%E5%8F%B0/odoo/legal-
workspace-vue/node_modules/vitest/dist/chunks/base.CTp-ES
tD.js:129:65
    at Traces.$ (file:///E:/%E5%B7%A5%E4%BD%9C%E5%8F%B0/o
doo/legal-workspace-vue/node_modules/vitest/dist/chunks/t
races.U4xDYhzZ.js:115:27)
DOMException [AbortError]: The operation was aborted.
    at Fetch.onAsyncTaskManagerAbort (file:///E:/%E5%B7%A
5%E4%BD%9C%E5%8F%B0/odoo/legal-workspace-vue/node_modules
/happy-dom/lib/fetch/Fetch.js:546:23)
    at Object.<anonymous> (file:///E:/%E5%B7%A5%E4%BD%9C%
E5%8F%B0/odoo/legal-workspace-vue/node_modules/happy-dom/
lib/fetch/Fetch.js:416:101)
    at AsyncTaskManager.abortAll (file:///E:/%E5%B7%A5%E4
%BD%9C%E5%8F%B0/odoo/legal-workspace-vue/node_modules/hap
py-dom/lib/async-task-manager/AsyncTaskManager.js:292:30)
    at AsyncTaskManager.abort (file:///E:/%E5%B7%A5%E4%BD
%9C%E5%8F%B0/odoo/legal-workspace-vue/node_modules/happy-
dom/lib/async-task-manager/AsyncTaskManager.js:52:21)
    at DetachedBrowserFrame.abort (file:///E:/%E5%B7%A5%E
4%BD%9C%E5%8F%B0/odoo/legal-workspace-vue/node_modules/ha
ppy-dom/lib/browser/detached-browser/DetachedBrowserFrame
.js:112:58)
    at DetachedWindowAPI.abort (file:///E:/%E5%B7%A5%E4%B
D%9C%E5%8F%B0/odoo/legal-workspace-vue/node_modules/happy
-dom/lib/window/DetachedWindowAPI.js:51:35)
    at teardownWindow (file:///E:/%E5%B7%A5%E4%BD%9C%E5%8
F%B0/odoo/legal-workspace-vue/node_modules/vitest/dist/ch
unks/index.BspFP3mn.js:331:22)
    at Object.teardown (file:///E:/%E5%B7%A5%E4%BD%9C%E5%
8F%B0/odoo/legal-workspace-vue/node_modules/vitest/dist/c
hunks/index.BspFP3mn.js:392:10)
    at file:///E:/%E5%B7%A5%E4%BD%9C%E5%8F%B0/odoo/legal-
workspace-vue/node_modules/vitest/dist/chunks/base.CTp-ES
tD.js:129:65
    at Traces.$ (file:///E:/%E5%B7%A5%E4%BD%9C%E5%8F%B0/o
doo/legal-workspace-vue/node_modules/vitest/dist/chunks/t
races.U4xDYhzZ.js:115:27)
DOMException [AbortError]: The operation was aborted.
    at Fetch.onAsyncTaskManagerAbort (file:///E:/%E5%B7%A
5%E4%BD%9C%E5%8F%B0/odoo/legal-workspace-vue/node_modules
/happy-dom/lib/fetch/Fetch.js:546:23)
    at Object.<anonymous> (file:///E:/%E5%B7%A5%E4%BD%9C%
E5%8F%B0/odoo/legal-workspace-vue/node_modules/happy-dom/
lib/fetch/Fetch.js:416:101)
    at AsyncTaskManager.abortAll (file:///E:/%E5%B7%A5%E4
%BD%9C%E5%8F%B0/odoo/legal-workspace-vue/node_modules/hap
py-dom/lib/async-task-manager/AsyncTaskManager.js:292:30)
    at AsyncTaskManager.abort (file:///E:/%E5%B7%A5%E4%BD
%9C%E5%8F%B0/odoo/legal-workspace-vue/node_modules/happy-
dom/lib/async-task-manager/AsyncTaskManager.js:52:21)
    at DetachedBrowserFrame.abort (file:///E:/%E5%B7%A5%E
4%BD%9C%E5%8F%B0/odoo/legal-workspace-vue/node_modules/ha
ppy-dom/lib/browser/detached-browser/DetachedBrowserFrame
.js:112:58)
    at DetachedWindowAPI.abort (file:///E:/%E5%B7%A5%E4%B
D%9C%E5%8F%B0/odoo/legal-workspace-vue/node_modules/happy
-dom/lib/window/DetachedWindowAPI.js:51:35)
    at teardownWindow (file:///E:/%E5%B7%A5%E4%BD%9C%E5%8
F%B0/odoo/legal-workspace-vue/node_modules/vitest/dist/ch
unks/index.BspFP3mn.js:331:22)
    at Object.teardown (file:///E:/%E5%B7%A5%E4%BD%9C%E5%
8F%B0/odoo/legal-workspace-vue/node_modules/vitest/dist/c
hunks/index.BspFP3mn.js:392:10)
    at file:///E:/%E5%B7%A5%E4%BD%9C%E5%8F%B0/odoo/legal-
workspace-vue/node_modules/vitest/dist/chunks/base.CTp-ES
tD.js:129:65
    at Traces.$ (file:///E:/%E5%B7%A5%E4%BD%9C%E5%8F%B0/o
doo/legal-workspace-vue/node_modules/vitest/dist/chunks/t
races.U4xDYhzZ.js:115:27)
DOMException [AbortError]: The operation was aborted.
    at Fetch.onAsyncTaskManagerAbort (file:///E:/%E5%B7%A
5%E4%BD%9C%E5%8F%B0/odoo/legal-workspace-vue/node_modules
/happy-dom/lib/fetch/Fetch.js:546:23)
    at Object.<anonymous> (file:///E:/%E5%B7%A5%E4%BD%9C%
E5%8F%B0/odoo/legal-workspace-vue/node_modules/happy-dom/
lib/fetch/Fetch.js:416:101)
    at AsyncTaskManager.abortAll (file:///E:/%E5%B7%A5%E4
%BD%9C%E5%8F%B0/odoo/legal-workspace-vue/node_modules/hap
py-dom/lib/async-task-manager/AsyncTaskManager.js:292:30)
    at AsyncTaskManager.abort (file:///E:/%E5%B7%A5%E4%BD
%9C%E5%8F%B0/odoo/legal-workspace-vue/node_modules/happy-
dom/lib/async-task-manager/AsyncTaskManager.js:52:21)
    at DetachedBrowserFrame.abort (file:///E:/%E5%B7%A5%E
4%BD%9C%E5%8F%B0/odoo/legal-workspace-vue/node_modules/ha
ppy-dom/lib/browser/detached-browser/DetachedBrowserFrame
.js:112:58)
    at DetachedWindowAPI.abort (file:///E:/%E5%B7%A5%E4%B
D%9C%E5%8F%B0/odoo/legal-workspace-vue/node_modules/happy
-dom/lib/window/DetachedWindowAPI.js:51:35)
    at teardownWindow (file:///E:/%E5%B7%A5%E4%BD%9C%E5%8
F%B0/odoo/legal-workspace-vue/node_modules/vitest/dist/ch
unks/index.BspFP3mn.js:331:22)
    at Object.teardown (file:///E:/%E5%B7%A5%E4%BD%9C%E5%
8F%B0/odoo/legal-workspace-vue/node_modules/vitest/dist/c
hunks/index.BspFP3mn.js:392:10)
    at file:///E:/%E5%B7%A5%E4%BD%9C%E5%8F%B0/odoo/legal-
workspace-vue/node_modules/vitest/dist/chunks/base.CTp-ES
tD.js:129:65
    at Traces.$ (file:///E:/%E5%B7%A5%E4%BD%9C%E5%8F%B0/o
doo/legal-workspace-vue/node_modules/vitest/dist/chunks/t
races.U4xDYhzZ.js:115:27)
DOMException [AbortError]: The operation was aborted.
    at Fetch.onAsyncTaskManagerAbort (file:///E:/%E5%B7%A
5%E4%BD%9C%E5%8F%B0/odoo/legal-workspace-vue/node_modules
/happy-dom/lib/fetch/Fetch.js:546:23)
    at Object.<anonymous> (file:///E:/%E5%B7%A5%E4%BD%9C%
E5%8F%B0/odoo/legal-workspace-vue/node_modules/happy-dom/
lib/fetch/Fetch.js:416:101)
    at AsyncTaskManager.abortAll (file:///E:/%E5%B7%A5%E4
%BD%9C%E5%8F%B0/odoo/legal-workspace-vue/node_modules/hap
py-dom/lib/async-task-manager/AsyncTaskManager.js:292:30)
    at AsyncTaskManager.abort (file:///E:/%E5%B7%A5%E4%BD
%9C%E5%8F%B0/odoo/legal-workspace-vue/node_modules/happy-
dom/lib/async-task-manager/AsyncTaskManager.js:52:21)
    at DetachedBrowserFrame.abort (file:///E:/%E5%B7%A5%E
4%BD%9C%E5%8F%B0/odoo/legal-workspace-vue/node_modules/ha
ppy-dom/lib/browser/detached-browser/DetachedBrowserFrame
.js:112:58)
    at DetachedWindowAPI.abort (file:///E:/%E5%B7%A5%E4%B
D%9C%E5%8F%B0/odoo/legal-workspace-vue/node_modules/happy
-dom/lib/window/DetachedWindowAPI.js:51:35)
    at teardownWindow (file:///E:/%E5%B7%A5%E4%BD%9C%E5%8
F%B0/odoo/legal-workspace-vue/node_modules/vitest/dist/ch
unks/index.BspFP3mn.js:331:22)
    at Object.teardown (file:///E:/%E5%B7%A5%E4%BD%9C%E5%
8F%B0/odoo/legal-workspace-vue/node_modules/vitest/dist/c
hunks/index.BspFP3mn.js:392:10)
    at file:///E:/%E5%B7%A5%E4%BD%9C%E5%8F%B0/odoo/legal-
workspace-vue/node_modules/vitest/dist/chunks/base.CTp-ES
tD.js:129:65
    at Traces.$ (file:///E:/%E5%B7%A5%E4%BD%9C%E5%8F%B0/o
doo/legal-workspace-vue/node_modules/vitest/dist/chunks/t
races.U4xDYhzZ.js:115:27)
DOMException [AbortError]: The operation was aborted.
    at Fetch.onAsyncTaskManagerAbort (file:///E:/%E5%B7%A
5%E4%BD%9C%E5%8F%B0/odoo/legal-workspace-vue/node_modules
/happy-dom/lib/fetch/Fetch.js:546:23)
    at Object.<anonymous> (file:///E:/%E5%B7%A5%E4%BD%9C%
E5%8F%B0/odoo/legal-workspace-vue/node_modules/happy-dom/
lib/fetch/Fetch.js:416:101)
    at AsyncTaskManager.abortAll (file:///E:/%E5%B7%A5%E4
%BD%9C%E5%8F%B0/odoo/legal-workspace-vue/node_modules/hap
py-dom/lib/async-task-manager/AsyncTaskManager.js:292:30)
    at AsyncTaskManager.abort (file:///E:/%E5%B7%A5%E4%BD
%9C%E5%8F%B0/odoo/legal-workspace-vue/node_modules/happy-
dom/lib/async-task-manager/AsyncTaskManager.js:52:21)
    at DetachedBrowserFrame.abort (file:///E:/%E5%B7%A5%E
4%BD%9C%E5%8F%B0/odoo/legal-workspace-vue/node_modules/ha
ppy-dom/lib/browser/detached-browser/DetachedBrowserFrame
.js:112:58)
    at DetachedWindowAPI.abort (file:///E:/%E5%B7%A5%E4%B
D%9C%E5%8F%B0/odoo/legal-workspace-vue/node_modules/happy
-dom/lib/window/DetachedWindowAPI.js:51:35)
    at teardownWindow (file:///E:/%E5%B7%A5%E4%BD%9C%E5%8
F%B0/odoo/legal-workspace-vue/node_modules/vitest/dist/ch
unks/index.BspFP3mn.js:331:22)
    at Object.teardown (file:///E:/%E5%B7%A5%E4%BD%9C%E5%
8F%B0/odoo/legal-workspace-vue/node_modules/vitest/dist/c
hunks/index.BspFP3mn.js:392:10)
    at file:///E:/%E5%B7%A5%E4%BD%9C%E5%8F%B0/odoo/legal-
workspace-vue/node_modules/vitest/dist/chunks/base.CTp-ES
tD.js:129:65
    at Traces.$ (file:///E:/%E5%B7%A5%E4%BD%9C%E5%8F%B0/o
doo/legal-workspace-vue/node_modules/vitest/dist/chunks/t
races.U4xDYhzZ.js:115:27)
DOMException [AbortError]: The operation was aborted.
    at Fetch.onAsyncTaskManagerAbort (file:///E:/%E5%B7%A
5%E4%BD%9C%E5%8F%B0/odoo/legal-workspace-vue/node_modules
/happy-dom/lib/fetch/Fetch.js:546:23)
    at Object.<anonymous> (file:///E:/%E5%B7%A5%E4%BD%9C%
E5%8F%B0/odoo/legal-workspace-vue/node_modules/happy-dom/
lib/fetch/Fetch.js:416:101)
    at AsyncTaskManager.abortAll (file:///E:/%E5%B7%A5%E4
%BD%9C%E5%8F%B0/odoo/legal-workspace-vue/node_modules/hap
py-dom/lib/async-task-manager/AsyncTaskManager.js:292:30)
    at AsyncTaskManager.abort (file:///E:/%E5%B7%A5%E4%BD
%9C%E5%8F%B0/odoo/legal-workspace-vue/node_modules/happy-
dom/lib/async-task-manager/AsyncTaskManager.js:52:21)
    at DetachedBrowserFrame.abort (file:///E:/%E5%B7%A5%E
4%BD%9C%E5%8F%B0/odoo/legal-workspace-vue/node_modules/ha
ppy-dom/lib/browser/detached-browser/DetachedBrowserFrame
.js:112:58)
    at DetachedWindowAPI.abort (file:///E:/%E5%B7%A5%E4%B
D%9C%E5%8F%B0/odoo/legal-workspace-vue/node_modules/happy
-dom/lib/window/DetachedWindowAPI.js:51:35)
    at teardownWindow (file:///E:/%E5%B7%A5%E4%BD%9C%E5%8
F%B0/odoo/legal-workspace-vue/node_modules/vitest/dist/ch
unks/index.BspFP3mn.js:331:22)
    at Object.teardown (file:///E:/%E5%B7%A5%E4%BD%9C%E5%
8F%B0/odoo/legal-workspace-vue/node_modules/vitest/dist/c
hunks/index.BspFP3mn.js:392:10)
    at file:///E:/%E5%B7%A5%E4%BD%9C%E5%8F%B0/odoo/legal-
workspace-vue/node_modules/vitest/dist/chunks/base.CTp-ES
tD.js:129:65
    at Traces.$ (file:///E:/%E5%B7%A5%E4%BD%9C%E5%8F%B0/o
doo/legal-workspace-vue/node_modules/vitest/dist/chunks/t
races.U4xDYhzZ.js:115:27)
DOMException [AbortError]: The operation was aborted.
    at Fetch.onAsyncTaskManagerAbort (file:///E:/%E5%B7%A
5%E4%BD%9C%E5%8F%B0/odoo/legal-workspace-vue/node_modules
/happy-dom/lib/fetch/Fetch.js:546:23)
    at Object.<anonymous> (file:///E:/%E5%B7%A5%E4%BD%9C%
E5%8F%B0/odoo/legal-workspace-vue/node_modules/happy-dom/
lib/fetch/Fetch.js:416:101)
    at AsyncTaskManager.abortAll (file:///E:/%E5%B7%A5%E4
%BD%9C%E5%8F%B0/odoo/legal-workspace-vue/node_modules/hap
py-dom/lib/async-task-manager/AsyncTaskManager.js:292:30)
    at AsyncTaskManager.abort (file:///E:/%E5%B7%A5%E4%BD
%9C%E5%8F%B0/odoo/legal-workspace-vue/node_modules/happy-
dom/lib/async-task-manager/AsyncTaskManager.js:52:21)
    at DetachedBrowserFrame.abort (file:///E:/%E5%B7%A5%E
4%BD%9C%E5%8F%B0/odoo/legal-workspace-vue/node_modules/ha
ppy-dom/lib/browser/detached-browser/DetachedBrowserFrame
.js:112:58)
    at DetachedWindowAPI.abort (file:///E:/%E5%B7%A5%E4%B
D%9C%E5%8F%B0/odoo/legal-workspace-vue/node_modules/happy
-dom/lib/window/DetachedWindowAPI.js:51:35)
    at teardownWindow (file:///E:/%E5%B7%A5%E4%BD%9C%E5%8
F%B0/odoo/legal-workspace-vue/node_modules/vitest/dist/ch
unks/index.BspFP3mn.js:331:22)
    at Object.teardown (file:///E:/%E5%B7%A5%E4%BD%9C%E5%
8F%B0/odoo/legal-workspace-vue/node_modules/vitest/dist/c
hunks/index.BspFP3mn.js:392:10)
    at file:///E:/%E5%B7%A5%E4%BD%9C%E5%8F%B0/odoo/legal-
workspace-vue/node_modules/vitest/dist/chunks/base.CTp-ES
tD.js:129:65
    at Traces.$ (file:///E:/%E5%B7%A5%E4%BD%9C%E5%8F%B0/o
doo/legal-workspace-vue/node_modules/vitest/dist/chunks/t
races.U4xDYhzZ.js:115:27)
DOMException [AbortError]: The operation was aborted.
    at Fetch.onAsyncTaskManagerAbort (file:///E:/%E5%B7%A
5%E4%BD%9C%E5%8F%B0/odoo/legal-workspace-vue/node_modules
/happy-dom/lib/fetch/Fetch.js:546:23)
    at Object.<anonymous> (file:///E:/%E5%B7%A5%E4%BD%9C%
E5%8F%B0/odoo/legal-workspace-vue/node_modules/happy-dom/
lib/fetch/Fetch.js:416:101)
    at AsyncTaskManager.abortAll (file:///E:/%E5%B7%A5%E4
%BD%9C%E5%8F%B0/odoo/legal-workspace-vue/node_modules/hap
py-dom/lib/async-task-manager/AsyncTaskManager.js:292:30)
    at AsyncTaskManager.abort (file:///E:/%E5%B7%A5%E4%BD
%9C%E5%8F%B0/odoo/legal-workspace-vue/node_modules/happy-
dom/lib/async-task-manager/AsyncTaskManager.js:52:21)
    at DetachedBrowserFrame.abort (file:///E:/%E5%B7%A5%E
4%BD%9C%E5%8F%B0/odoo/legal-workspace-vue/node_modules/ha
ppy-dom/lib/browser/detached-browser/DetachedBrowserFrame
.js:112:58)
    at DetachedWindowAPI.abort (file:///E:/%E5%B7%A5%E4%B
D%9C%E5%8F%B0/odoo/legal-workspace-vue/node_modules/happy
-dom/lib/window/DetachedWindowAPI.js:51:35)
    at teardownWindow (file:///E:/%E5%B7%A5%E4%BD%9C%E5%8
F%B0/odoo/legal-workspace-vue/node_modules/vitest/dist/ch
unks/index.BspFP3mn.js:331:22)
    at Object.teardown (file:///E:/%E5%B7%A5%E4%BD%9C%E5%
8F%B0/odoo/legal-workspace-vue/node_modules/vitest/dist/c
hunks/index.BspFP3mn.js:392:10)
    at file:///E:/%E5%B7%A5%E4%BD%9C%E5%8F%B0/odoo/legal-
workspace-vue/node_modules/vitest/dist/chunks/base.CTp-ES
tD.js:129:65
    at Traces.$ (file:///E:/%E5%B7%A5%E4%BD%9C%E5%8F%B0/o
doo/legal-workspace-vue/node_modules/vitest/dist/chunks/t
races.U4xDYhzZ.js:115:27)
DOMException [AbortError]: The operation was aborted.
    at Fetch.onAsyncTaskManagerAbort (file:///E:/%E5%B7%A
5%E4%BD%9C%E5%8F%B0/odoo/legal-workspace-vue/node_modules
/happy-dom/lib/fetch/Fetch.js:546:23)
    at Object.<anonymous> (file:///E:/%E5%B7%A5%E4%BD%9C%
E5%8F%B0/odoo/legal-workspace-vue/node_modules/happy-dom/
lib/fetch/Fetch.js:416:101)
    at AsyncTaskManager.abortAll (file:///E:/%E5%B7%A5%E4
%BD%9C%E5%8F%B0/odoo/legal-workspace-vue/node_modules/hap
py-dom/lib/async-task-manager/AsyncTaskManager.js:292:30)
    at AsyncTaskManager.abort (file:///E:/%E5%B7%A5%E4%BD
%9C%E5%8F%B0/odoo/legal-workspace-vue/node_modules/happy-
dom/lib/async-task-manager/AsyncTaskManager.js:52:21)
    at DetachedBrowserFrame.abort (file:///E:/%E5%B7%A5%E
4%BD%9C%E5%8F%B0/odoo/legal-workspace-vue/node_modules/ha
ppy-dom/lib/browser/detached-browser/DetachedBrowserFrame
.js:112:58)
    at DetachedWindowAPI.abort (file:///E:/%E5%B7%A5%E4%B
D%9C%E5%8F%B0/odoo/legal-workspace-vue/node_modules/happy
-dom/lib/window/DetachedWindowAPI.js:51:35)
    at teardownWindow (file:///E:/%E5%B7%A5%E4%BD%9C%E5%8
F%B0/odoo/legal-workspace-vue/node_modules/vitest/dist/ch
unks/index.BspFP3mn.js:331:22)
    at Object.teardown (file:///E:/%E5%B7%A5%E4%BD%9C%E5%
8F%B0/odoo/legal-workspace-vue/node_modules/vitest/dist/c
hunks/index.BspFP3mn.js:392:10)
    at file:///E:/%E5%B7%A5%E4%BD%9C%E5%8F%B0/odoo/legal-
workspace-vue/node_modules/vitest/dist/chunks/base.CTp-ES
tD.js:129:65
    at Traces.$ (file:///E:/%E5%B7%A5%E4%BD%9C%E5%8F%B0/o
doo/legal-workspace-vue/node_modules/vitest/dist/chunks/t
races.U4xDYhzZ.js:115:27)
DOMException [AbortError]: The operation was aborted.
    at Fetch.onAsyncTaskManagerAbort (file:///E:/%E5%B7%A
5%E4%BD%9C%E5%8F%B0/odoo/legal-workspace-vue/node_modules
/happy-dom/lib/fetch/Fetch.js:546:23)
    at Object.<anonymous> (file:///E:/%E5%B7%A5%E4%BD%9C%
E5%8F%B0/odoo/legal-workspace-vue/node_modules/happy-dom/
lib/fetch/Fetch.js:416:101)
    at AsyncTaskManager.abortAll (file:///E:/%E5%B7%A5%E4
%BD%9C%E5%8F%B0/odoo/legal-workspace-vue/node_modules/hap
py-dom/lib/async-task-manager/AsyncTaskManager.js:292:30)
    at AsyncTaskManager.abort (file:///E:/%E5%B7%A5%E4%BD
%9C%E5%8F%B0/odoo/legal-workspace-vue/node_modules/happy-
dom/lib/async-task-manager/AsyncTaskManager.js:52:21)
    at DetachedBrowserFrame.abort (file:///E:/%E5%B7%A5%E
4%BD%9C%E5%8F%B0/odoo/legal-workspace-vue/node_modules/ha
ppy-dom/lib/browser/detached-browser/DetachedBrowserFrame
.js:112:58)
    at DetachedWindowAPI.abort (file:///E:/%E5%B7%A5%E4%B
D%9C%E5%8F%B0/odoo/legal-workspace-vue/node_modules/happy
-dom/lib/window/DetachedWindowAPI.js:51:35)
    at teardownWindow (file:///E:/%E5%B7%A5%E4%BD%9C%E5%8
F%B0/odoo/legal-workspace-vue/node_modules/vitest/dist/ch
unks/index.BspFP3mn.js:331:22)
    at Object.teardown (file:///E:/%E5%B7%A5%E4%BD%9C%E5%
8F%B0/odoo/legal-workspace-vue/node_modules/vitest/dist/c
hunks/index.BspFP3mn.js:392:10)
    at file:///E:/%E5%B7%A5%E4%BD%9C%E5%8F%B0/odoo/legal-
workspace-vue/node_modules/vitest/dist/chunks/base.CTp-ES
tD.js:129:65
    at Traces.$ (file:///E:/%E5%B7%A5%E4%BD%9C%E5%8F%B0/o
doo/legal-workspace-vue/node_modules/vitest/dist/chunks/t
races.U4xDYhzZ.js:115:27)
DOMException [AbortError]: The operation was aborted.
    at Fetch.onAsyncTaskManagerAbort (file:///E:/%E5%B7%A
5%E4%BD%9C%E5%8F%B0/odoo/legal-workspace-vue/node_modules
/happy-dom/lib/fetch/Fetch.js:546:23)
    at Object.<anonymous> (file:///E:/%E5%B7%A5%E4%BD%9C%
E5%8F%B0/odoo/legal-workspace-vue/node_modules/happy-dom/
lib/fetch/Fetch.js:416:101)
    at AsyncTaskManager.abortAll (file:///E:/%E5%B7%A5%E4
%BD%9C%E5%8F%B0/odoo/legal-workspace-vue/node_modules/hap
py-dom/lib/async-task-manager/AsyncTaskManager.js:292:30)
    at AsyncTaskManager.abort (file:///E:/%E5%B7%A5%E4%BD
%9C%E5%8F%B0/odoo/legal-workspace-vue/node_modules/happy-
dom/lib/async-task-manager/AsyncTaskManager.js:52:21)
    at DetachedBrowserFrame.abort (file:///E:/%E5%B7%A5%E
4%BD%9C%E5%8F%B0/odoo/legal-workspace-vue/node_modules/ha
ppy-dom/lib/browser/detached-browser/DetachedBrowserFrame
.js:112:58)
    at DetachedWindowAPI.abort (file:///E:/%E5%B7%A5%E4%B
D%9C%E5%8F%B0/odoo/legal-workspace-vue/node_modules/happy
-dom/lib/window/DetachedWindowAPI.js:51:35)
    at teardownWindow (file:///E:/%E5%B7%A5%E4%BD%9C%E5%8
F%B0/odoo/legal-workspace-vue/node_modules/vitest/dist/ch
unks/index.BspFP3mn.js:331:22)
    at Object.teardown (file:///E:/%E5%B7%A5%E4%BD%9C%E5%
8F%B0/odoo/legal-workspace-vue/node_modules/vitest/dist/c
hunks/index.BspFP3mn.js:392:10)
    at file:///E:/%E5%B7%A5%E4%BD%9C%E5%8F%B0/odoo/legal-
workspace-vue/node_modules/vitest/dist/chunks/base.CTp-ES
tD.js:129:65
    at Traces.$ (file:///E:/%E5%B7%A5%E4%BD%9C%E5%8F%B0/o
doo/legal-workspace-vue/node_modules/vitest/dist/chunks/t
races.U4xDYhzZ.js:115:27)
DOMException [AbortError]: The operation was aborted.
    at Fetch.onAsyncTaskManagerAbort (file:///E:/%E5%B7%A
5%E4%BD%9C%E5%8F%B0/odoo/legal-workspace-vue/node_modules
/happy-dom/lib/fetch/Fetch.js:546:23)
    at Object.<anonymous> (file:///E:/%E5%B7%A5%E4%BD%9C%
E5%8F%B0/odoo/legal-workspace-vue/node_modules/happy-dom/
lib/fetch/Fetch.js:416:101)
    at AsyncTaskManager.abortAll (file:///E:/%E5%B7%A5%E4
%BD%9C%E5%8F%B0/odoo/legal-workspace-vue/node_modules/hap
py-dom/lib/async-task-manager/AsyncTaskManager.js:292:30)
    at AsyncTaskManager.abort (file:///E:/%E5%B7%A5%E4%BD
%9C%E5%8F%B0/odoo/legal-workspace-vue/node_modules/happy-
dom/lib/async-task-manager/AsyncTaskManager.js:52:21)
    at DetachedBrowserFrame.abort (file:///E:/%E5%B7%A5%E
4%BD%9C%E5%8F%B0/odoo/legal-workspace-vue/node_modules/ha
ppy-dom/lib/browser/detached-browser/DetachedBrowserFrame
.js:112:58)
    at DetachedWindowAPI.abort (file:///E:/%E5%B7%A5%E4%B
D%9C%E5%8F%B0/odoo/legal-workspace-vue/node_modules/happy
-dom/lib/window/DetachedWindowAPI.js:51:35)
    at teardownWindow (file:///E:/%E5%B7%A5%E4%BD%9C%E5%8
F%B0/odoo/legal-workspace-vue/node_modules/vitest/dist/ch
unks/index.BspFP3mn.js:331:22)
    at Object.teardown (file:///E:/%E5%B7%A5%E4%BD%9C%E5%
8F%B0/odoo/legal-workspace-vue/node_modules/vitest/dist/c
hunks/index.BspFP3mn.js:392:10)
    at file:///E:/%E5%B7%A5%E4%BD%9C%E5%8F%B0/odoo/legal-
workspace-vue/node_modules/vitest/dist/chunks/base.CTp-ES
tD.js:129:65
    at Traces.$ (file:///E:/%E5%B7%A5%E4%BD%9C%E5%8F%B0/o
doo/legal-workspace-vue/node_modules/vitest/dist/chunks/t
races.U4xDYhzZ.js:115:27)
DOMException [AbortError]: The operation was aborted.
    at Fetch.onAsyncTaskManagerAbort (file:///E:/%E5%B7%A
5%E4%BD%9C%E5%8F%B0/odoo/legal-workspace-vue/node_modules
/happy-dom/lib/fetch/Fetch.js:546:23)
    at Object.<anonymous> (file:///E:/%E5%B7%A5%E4%BD%9C%
E5%8F%B0/odoo/legal-workspace-vue/node_modules/happy-dom/
lib/fetch/Fetch.js:416:101)
    at AsyncTaskManager.abortAll (file:///E:/%E5%B7%A5%E4
%BD%9C%E5%8F%B0/odoo/legal-workspace-vue/node_modules/hap
py-dom/lib/async-task-manager/AsyncTaskManager.js:292:30)
    at AsyncTaskManager.abort (file:///E:/%E5%B7%A5%E4%BD
%9C%E5%8F%B0/odoo/legal-workspace-vue/node_modules/happy-
dom/lib/async-task-manager/AsyncTaskManager.js:52:21)
    at DetachedBrowserFrame.abort (file:///E:/%E5%B7%A5%E
4%BD%9C%E5%8F%B0/odoo/legal-workspace-vue/node_modules/ha
ppy-dom/lib/browser/detached-browser/DetachedBrowserFrame
.js:112:58)
    at DetachedWindowAPI.abort (file:///E:/%E5%B7%A5%E4%B
D%9C%E5%8F%B0/odoo/legal-workspace-vue/node_modules/happy
-dom/lib/window/DetachedWindowAPI.js:51:35)
    at teardownWindow (file:///E:/%E5%B7%A5%E4%BD%9C%E5%8
F%B0/odoo/legal-workspace-vue/node_modules/vitest/dist/ch
unks/index.BspFP3mn.js:331:22)
    at Object.teardown (file:///E:/%E5%B7%A5%E4%BD%9C%E5%
8F%B0/odoo/legal-workspace-vue/node_modules/vitest/dist/c
hunks/index.BspFP3mn.js:392:10)
    at file:///E:/%E5%B7%A5%E4%BD%9C%E5%8F%B0/odoo/legal-
workspace-vue/node_modules/vitest/dist/chunks/base.CTp-ES
tD.js:129:65
    at Traces.$ (file:///E:/%E5%B7%A5%E4%BD%9C%E5%8F%B0/o
doo/legal-workspace-vue/node_modules/vitest/dist/chunks/t
races.U4xDYhzZ.js:115:27)
DOMException [AbortError]: The operation was aborted.
    at Fetch.onAsyncTaskManagerAbort (file:///E:/%E5%B7%A
5%E4%BD%9C%E5%8F%B0/odoo/legal-workspace-vue/node_modules
/happy-dom/lib/fetch/Fetch.js:546:23)
    at Object.<anonymous> (file:///E:/%E5%B7%A5%E4%BD%9C%
E5%8F%B0/odoo/legal-workspace-vue/node_modules/happy-dom/
lib/fetch/Fetch.js:416:101)
    at AsyncTaskManager.abortAll (file:///E:/%E5%B7%A5%E4
%BD%9C%E5%8F%B0/odoo/legal-workspace-vue/node_modules/hap
py-dom/lib/async-task-manager/AsyncTaskManager.js:292:30)
    at AsyncTaskManager.abort (file:///E:/%E5%B7%A5%E4%BD
%9C%E5%8F%B0/odoo/legal-workspace-vue/node_modules/happy-
dom/lib/async-task-manager/AsyncTaskManager.js:52:21)
    at DetachedBrowserFrame.abort (file:///E:/%E5%B7%A5%E
4%BD%9C%E5%8F%B0/odoo/legal-workspace-vue/node_modules/ha
ppy-dom/lib/browser/detached-browser/DetachedBrowserFrame
.js:112:58)
    at DetachedWindowAPI.abort (file:///E:/%E5%B7%A5%E4%B
D%9C%E5%8F%B0/odoo/legal-workspace-vue/node_modules/happy
-dom/lib/window/DetachedWindowAPI.js:51:35)
    at teardownWindow (file:///E:/%E5%B7%A5%E4%BD%9C%E5%8
F%B0/odoo/legal-workspace-vue/node_modules/vitest/dist/ch
unks/index.BspFP3mn.js:331:22)
    at Object.teardown (file:///E:/%E5%B7%A5%E4%BD%9C%E5%
8F%B0/odoo/legal-workspace-vue/node_modules/vitest/dist/c
hunks/index.BspFP3mn.js:392:10)
    at file:///E:/%E5%B7%A5%E4%BD%9C%E5%8F%B0/odoo/legal-
workspace-vue/node_modules/vitest/dist/chunks/base.CTp-ES
tD.js:129:65
    at Traces.$ (file:///E:/%E5%B7%A5%E4%BD%9C%E5%8F%B0/o
doo/legal-workspace-vue/node_modules/vitest/dist/chunks/t
races.U4xDYhzZ.js:115:27)
DOMException [AbortError]: The operation was aborted.
    at Fetch.onAsyncTaskManagerAbort (file:///E:/%E5%B7%A
5%E4%BD%9C%E5%8F%B0/odoo/legal-workspace-vue/node_modules
/happy-dom/lib/fetch/Fetch.js:546:23)
    at Object.<anonymous> (file:///E:/%E5%B7%A5%E4%BD%9C%
E5%8F%B0/odoo/legal-workspace-vue/node_modules/happy-dom/
lib/fetch/Fetch.js:416:101)
    at AsyncTaskManager.abortAll (file:///E:/%E5%B7%A5%E4
%BD%9C%E5%8F%B0/odoo/legal-workspace-vue/node_modules/hap
py-dom/lib/async-task-manager/AsyncTaskManager.js:292:30)
    at AsyncTaskManager.abort (file:///E:/%E5%B7%A5%E4%BD
%9C%E5%8F%B0/odoo/legal-workspace-vue/node_modules/happy-
dom/lib/async-task-manager/AsyncTaskManager.js:52:21)
    at DetachedBrowserFrame.abort (file:///E:/%E5%B7%A5%E
4%BD%9C%E5%8F%B0/odoo/legal-workspace-vue/node_modules/ha
ppy-dom/lib/browser/detached-browser/DetachedBrowserFrame
.js:112:58)
    at DetachedWindowAPI.abort (file:///E:/%E5%B7%A5%E4%B
D%9C%E5%8F%B0/odoo/legal-workspace-vue/node_modules/happy
-dom/lib/window/DetachedWindowAPI.js:51:35)
    at teardownWindow (file:///E:/%E5%B7%A5%E4%BD%9C%E5%8
F%B0/odoo/legal-workspace-vue/node_modules/vitest/dist/ch
unks/index.BspFP3mn.js:331:22)
    at Object.teardown (file:///E:/%E5%B7%A5%E4%BD%9C%E5%
8F%B0/odoo/legal-workspace-vue/node_modules/vitest/dist/c
hunks/index.BspFP3mn.js:392:10)
    at file:///E:/%E5%B7%A5%E4%BD%9C%E5%8F%B0/odoo/legal-
workspace-vue/node_modules/vitest/dist/chunks/base.CTp-ES
tD.js:129:65
    at Traces.$ (file:///E:/%E5%B7%A5%E4%BD%9C%E5%8F%B0/o
doo/legal-workspace-vue/node_modules/vitest/dist/chunks/t
races.U4xDYhzZ.js:115:27)
DOMException [AbortError]: The operation was aborted.
    at Fetch.onAsyncTaskManagerAbort (file:///E:/%E5%B7%A
5%E4%BD%9C%E5%8F%B0/odoo/legal-workspace-vue/node_modules
/happy-dom/lib/fetch/Fetch.js:546:23)
    at Object.<anonymous> (file:///E:/%E5%B7%A5%E4%BD%9C%
E5%8F%B0/odoo/legal-workspace-vue/node_modules/happy-dom/
lib/fetch/Fetch.js:416:101)
    at AsyncTaskManager.abortAll (file:///E:/%E5%B7%A5%E4
%BD%9C%E5%8F%B0/odoo/legal-workspace-vue/node_modules/hap
py-dom/lib/async-task-manager/AsyncTaskManager.js:292:30)
    at AsyncTaskManager.abort (file:///E:/%E5%B7%A5%E4%BD
%9C%E5%8F%B0/odoo/legal-workspace-vue/node_modules/happy-
dom/lib/async-task-manager/AsyncTaskManager.js:52:21)
    at DetachedBrowserFrame.abort (file:///E:/%E5%B7%A5%E
4%BD%9C%E5%8F%B0/odoo/legal-workspace-vue/node_modules/ha
ppy-dom/lib/browser/detached-browser/DetachedBrowserFrame
.js:112:58)
    at DetachedWindowAPI.abort (file:///E:/%E5%B7%A5%E4%B
D%9C%E5%8F%B0/odoo/legal-workspace-vue/node_modules/happy
-dom/lib/window/DetachedWindowAPI.js:51:35)
    at teardownWindow (file:///E:/%E5%B7%A5%E4%BD%9C%E5%8
F%B0/odoo/legal-workspace-vue/node_modules/vitest/dist/ch
unks/index.BspFP3mn.js:331:22)
    at Object.teardown (file:///E:/%E5%B7%A5%E4%BD%9C%E5%
8F%B0/odoo/legal-workspace-vue/node_modules/vitest/dist/c
hunks/index.BspFP3mn.js:392:10)
    at file:///E:/%E5%B7%A5%E4%BD%9C%E5%8F%B0/odoo/legal-
workspace-vue/node_modules/vitest/dist/chunks/base.CTp-ES
tD.js:129:65
    at Traces.$ (file:///E:/%E5%B7%A5%E4%BD%9C%E5%8F%B0/o
doo/legal-workspace-vue/node_modules/vitest/dist/chunks/t
races.U4xDYhzZ.js:115:27)
DOMException [AbortError]: The operation was aborted.
    at Fetch.onAsyncTaskManagerAbort (file:///E:/%E5%B7%A
5%E4%BD%9C%E5%8F%B0/odoo/legal-workspace-vue/node_modules
/happy-dom/lib/fetch/Fetch.js:546:23)
    at Object.<anonymous> (file:///E:/%E5%B7%A5%E4%BD%9C%
E5%8F%B0/odoo/legal-workspace-vue/node_modules/happy-dom/
lib/fetch/Fetch.js:416:101)
    at AsyncTaskManager.abortAll (file:///E:/%E5%B7%A5%E4
%BD%9C%E5%8F%B0/odoo/legal-workspace-vue/node_modules/hap
py-dom/lib/async-task-manager/AsyncTaskManager.js:292:30)
    at AsyncTaskManager.abort (file:///E:/%E5%B7%A5%E4%BD
%9C%E5%8F%B0/odoo/legal-workspace-vue/node_modules/happy-
dom/lib/async-task-manager/AsyncTaskManager.js:52:21)
    at DetachedBrowserFrame.abort (file:///E:/%E5%B7%A5%E
4%BD%9C%E5%8F%B0/odoo/legal-workspace-vue/node_modules/ha
ppy-dom/lib/browser/detached-browser/DetachedBrowserFrame
.js:112:58)
    at DetachedWindowAPI.abort (file:///E:/%E5%B7%A5%E4%B
D%9C%E5%8F%B0/odoo/legal-workspace-vue/node_modules/happy
-dom/lib/window/DetachedWindowAPI.js:51:35)
    at teardownWindow (file:///E:/%E5%B7%A5%E4%BD%9C%E5%8
F%B0/odoo/legal-workspace-vue/node_modules/vitest/dist/ch
unks/index.BspFP3mn.js:331:22)
    at Object.teardown (file:///E:/%E5%B7%A5%E4%BD%9C%E5%
8F%B0/odoo/legal-workspace-vue/node_modules/vitest/dist/c
hunks/index.BspFP3mn.js:392:10)
    at file:///E:/%E5%B7%A5%E4%BD%9C%E5%8F%B0/odoo/legal-
workspace-vue/node_modules/vitest/dist/chunks/base.CTp-ES
tD.js:129:65
    at Traces.$ (file:///E:/%E5%B7%A5%E4%BD%9C%E5%8F%B0/o
doo/legal-workspace-vue/node_modules/vitest/dist/chunks/t
races.U4xDYhzZ.js:115:27)
DOMException [AbortError]: The operation was aborted.
    at Fetch.onAsyncTaskManagerAbort (file:///E:/%E5%B7%A
5%E4%BD%9C%E5%8F%B0/odoo/legal-workspace-vue/node_modules
/happy-dom/lib/fetch/Fetch.js:546:23)
    at Object.<anonymous> (file:///E:/%E5%B7%A5%E4%BD%9C%
E5%8F%B0/odoo/legal-workspace-vue/node_modules/happy-dom/
lib/fetch/Fetch.js:416:101)
    at AsyncTaskManager.abortAll (file:///E:/%E5%B7%A5%E4
%BD%9C%E5%8F%B0/odoo/legal-workspace-vue/node_modules/hap
py-dom/lib/async-task-manager/AsyncTaskManager.js:292:30)
    at AsyncTaskManager.abort (file:///E:/%E5%B7%A5%E4%BD
%9C%E5%8F%B0/odoo/legal-workspace-vue/node_modules/happy-
dom/lib/async-task-manager/AsyncTaskManager.js:52:21)
    at DetachedBrowserFrame.abort (file:///E:/%E5%B7%A5%E
4%BD%9C%E5%8F%B0/odoo/legal-workspace-vue/node_modules/ha
ppy-dom/lib/browser/detached-browser/DetachedBrowserFrame
.js:112:58)
    at DetachedWindowAPI.abort (file:///E:/%E5%B7%A5%E4%B
D%9C%E5%8F%B0/odoo/legal-workspace-vue/node_modules/happy
-dom/lib/window/DetachedWindowAPI.js:51:35)
    at teardownWindow (file:///E:/%E5%B7%A5%E4%BD%9C%E5%8
F%B0/odoo/legal-workspace-vue/node_modules/vitest/dist/ch
unks/index.BspFP3mn.js:331:22)
    at Object.teardown (file:///E:/%E5%B7%A5%E4%BD%9C%E5%
8F%B0/odoo/legal-workspace-vue/node_modules/vitest/dist/c
hunks/index.BspFP3mn.js:392:10)
    at file:///E:/%E5%B7%A5%E4%BD%9C%E5%8F%B0/odoo/legal-
workspace-vue/node_modules/vitest/dist/chunks/base.CTp-ES
tD.js:129:65
    at Traces.$ (file:///E:/%E5%B7%A5%E4%BD%9C%E5%8F%B0/o
doo/legal-workspace-vue/node_modules/vitest/dist/chunks/t
races.U4xDYhzZ.js:115:27)
DOMException [AbortError]: The operation was aborted.
    at Fetch.onAsyncTaskManagerAbort (file:///E:/%E5%B7%A
5%E4%BD%9C%E5%8F%B0/odoo/legal-workspace-vue/node_modules
/happy-dom/lib/fetch/Fetch.js:546:23)
    at Object.<anonymous> (file:///E:/%E5%B7%A5%E4%BD%9C%
E5%8F%B0/odoo/legal-workspace-vue/node_modules/happy-dom/
lib/fetch/Fetch.js:416:101)
    at AsyncTaskManager.abortAll (file:///E:/%E5%B7%A5%E4
%BD%9C%E5%8F%B0/odoo/legal-workspace-vue/node_modules/hap
py-dom/lib/async-task-manager/AsyncTaskManager.js:292:30)
    at AsyncTaskManager.abort (file:///E:/%E5%B7%A5%E4%BD
%9C%E5%8F%B0/odoo/legal-workspace-vue/node_modules/happy-
dom/lib/async-task-manager/AsyncTaskManager.js:52:21)
    at DetachedBrowserFrame.abort (file:///E:/%E5%B7%A5%E
4%BD%9C%E5%8F%B0/odoo/legal-workspace-vue/node_modules/ha
ppy-dom/lib/browser/detached-browser/DetachedBrowserFrame
.js:112:58)
    at DetachedWindowAPI.abort (file:///E:/%E5%B7%A5%E4%B
D%9C%E5%8F%B0/odoo/legal-workspace-vue/node_modules/happy
-dom/lib/window/DetachedWindowAPI.js:51:35)
    at teardownWindow (file:///E:/%E5%B7%A5%E4%BD%9C%E5%8
F%B0/odoo/legal-workspace-vue/node_modules/vitest/dist/ch
unks/index.BspFP3mn.js:331:22)
    at Object.teardown (file:///E:/%E5%B7%A5%E4%BD%9C%E5%
8F%B0/odoo/legal-workspace-vue/node_modules/vitest/dist/c
hunks/index.BspFP3mn.js:392:10)
    at file:///E:/%E5%B7%A5%E4%BD%9C%E5%8F%B0/odoo/legal-
workspace-vue/node_modules/vitest/dist/chunks/base.CTp-ES
tD.js:129:65
    at Traces.$ (file:///E:/%E5%B7%A5%E4%BD%9C%E5%8F%B0/o
doo/legal-workspace-vue/node_modules/vitest/dist/chunks/t
races.U4xDYhzZ.js:115:27)
